error: template "thisdoesnotexist.html" not found in directories ["$WORKSPACE/target/tests/askama_testing/templates"]
 --> tests/ui/before_1.54/incorrect_path.rs:4:19
  |
4 | #[template(path = "thisdoesnotexist.html")]
  |                   ^^^^^^^^^^^^^^^^^^^^^^^
